********************************************************************************
Obsolete PIO Core v6.1.19 is used (previous was 6.2.0)
Please remove multiple PIO Cores from a system:
https://docs.platformio.org/en/latest/core/installation/troubleshooting.html
********************************************************************************
--- Terminal on /dev/ttyACM0 | 115200 8-N-1
--- Available filters and text transformations: debug, default, direct, hexlify, log2file, nocontrol, printable, send_on_enter, time
--- More details at https://bit.ly/pio-monitor-filters
--- Quit: Ctrl+C | Menu: Ctrl+T | Help: Ctrl+T followed by Ctrl+H
TC clock; RMC labels preceding PPS
NET v1 SPI1 peripheral mode=1 bytes=40 max_hz=100000 sync=qualified-delayed
HH ms=666 pps=1 epoch=0 valid=0 utc=0000-00-00T00:00:00 zone=UTC mode=? off=0 civil=0000-00-00T00:00:00 want=-- cache=-- drop=0
GPS UTC acquired
PPS synchronization acquired; RMC end +125 ms (preceding PPS)
HH ms=3394 pps=4 epoch=1790545433 valid=1 utc=2026-09-27T21:43:53 zone=UTC mode=UTC off=0 civil=2026-09-27T21:43:53 want=21 cache=-- drop=0
TXHH ms=3394 pps=4 kind=pair bytes=1B48073231 want=21 cache=21 drop=0
ZONE ms=4181 zone=Eastern drop=0
HH ms=4181 pps=4 epoch=1790545433 valid=1 utc=2026-09-27T21:43:53 zone=Eastern mode=DST off=-4 civil=2026-09-27T17:43:53 want=17 cache=21 drop=0
TXHH ms=4183 pps=4 kind=pair bytes=1B48073137 want=17 cache=17 drop=0
NET seq=67 epoch=1790545490 flags=6F tx=588 short=588 extra=0 over=0 sync=58 skipped=0
NET seq=131 epoch=1790545550 flags=6F tx=1176 short=1176 extra=0 over=0 sync=118 skipped=0
NET seq=200 epoch=1790545610 flags=6F tx=1764 short=1764 extra=0 over=0 sync=178 skipped=0
NET seq=268 epoch=1790545670 flags=6F tx=2352 short=2352 extra=0 over=0 sync=238 skipped=0
NET seq=333 epoch=1790545730 flags=6F tx=2941 short=2941 extra=0 over=0 sync=298 skipped=0
NET seq=400 epoch=1790545790 flags=6F tx=3529 short=3529 extra=0 over=0 sync=358 skipped=0
NET seq=470 epoch=1790545850 flags=6F tx=4117 short=4117 extra=0 over=0 sync=418 skipped=0
NET seq=538 epoch=1790545910 flags=6F tx=4705 short=4705 extra=0 over=0 sync=478 skipped=0
NET seq=603 epoch=1790545970 flags=6F tx=5294 short=5294 extra=0 over=0 sync=538 skipped=0
NET seq=670 epoch=1790546030 flags=6F tx=5882 short=5882 extra=0 over=0 sync=598 skipped=0
NET seq=734 epoch=1790546090 flags=6F tx=6470 short=6470 extra=0 over=0 sync=658 skipped=0
NET seq=799 epoch=1790546150 flags=6F tx=7058 short=7058 extra=0 over=0 sync=718 skipped=0
NET seq=861 epoch=1790546210 flags=6F tx=7646 short=7646 extra=0 over=0 sync=778 skipped=0
NET seq=927 epoch=1790546270 flags=6F tx=8234 short=8234 extra=0 over=0 sync=838 skipped=0
NET seq=996 epoch=1790546330 flags=6F tx=8822 short=8822 extra=0 over=0 sync=898 skipped=0
NET seq=1062 epoch=1790546390 flags=6F tx=9410 short=9410 extra=0 over=0 sync=958 skipped=0
HH ms=970395 pps=971 epoch=1790546400 valid=1 utc=2026-09-27T22:00:00 zone=Eastern mode=DST off=-4 civil=2026-09-27T18:00:00 want=18 cache=17 drop=0
TXHH ms=970400 pps=971 kind=pair bytes=1B48073138 want=18 cache=18 drop=0
NET seq=1122 epoch=1790546450 flags=6F tx=9999 short=9998 extra=0 over=0 sync=1018 skipped=0
NET seq=1185 epoch=1790546510 flags=6F tx=10587 short=10586 extra=0 over=0 sync=1078 skipped=0
NET seq=1250 epoch=1790546570 flags=6F tx=11175 short=11174 extra=0 over=0 sync=1138 skipped=0
NET seq=1310 epoch=1790546630 flags=6F tx=11764 short=11763 extra=0 over=0 sync=1198 skipped=0
NET seq=1372 epoch=1790546690 flags=6F tx=12352 short=12351 extra=0 over=0 sync=1258 skipped=0
NET seq=1440 epoch=1790546750 flags=6F tx=12940 short=12939 extra=0 over=0 sync=1318 skipped=0
NET seq=1502 epoch=1790546810 flags=6F tx=13528 short=13527 extra=0 over=0 sync=1378 skipped=0
